2026-08-16 19:15:48.765 [main] INFO  c.example.exceldiff.cli.ExcelDiffCli - Starting Excel Comparison...
2026-08-16 19:15:48.766 [main] INFO  c.example.exceldiff.cli.ExcelDiffCli - THEIRS: E:\project\Excel Compo\Output jar\resources\excel\THEIRS.xlsx
2026-08-16 19:15:48.768 [main] INFO  c.example.exceldiff.cli.ExcelDiffCli - OURS:   E:\project\Excel Compo\Output jar\resources\excel\OURS.xlsx
2026-08-16 19:15:48.769 [main] INFO  c.example.exceldiff.cli.ExcelDiffCli - Reading THEIRS...
2026-08-16 19:15:49.393 [main] INFO  c.example.exceldiff.cli.ExcelDiffCli - Reading OURS...
2026-08-16 19:15:49.438 [main] INFO  c.example.exceldiff.cli.ExcelDiffCli - Exporting OURS to JSON...
2026-08-16 19:15:49.739 [main] INFO  c.example.exceldiff.cli.ExcelDiffCli - Comparing models...
2026-08-16 19:15:49.750 [main] INFO  c.example.exceldiff.cli.ExcelDiffCli - Writing highlighted Excel...
2026-08-16 19:15:49.931 [main] INFO  c.example.exceldiff.cli.ExcelDiffCli - Summary report written to: E:\project\Excel Compo\Output jar\resources\reports\report.txt
2026-08-16 19:15:49.936 [main] INFO  c.example.exceldiff.cli.ExcelDiffCli - Comparison complete. Output written to: E:\project\Excel Compo\Output jar\resources\excel\Compared.xlsx
2026-08-16 19:35:08.517 [main] INFO  c.example.exceldiff.cli.ExcelDiffCli - Starting Excel Comparison...
2026-08-16 19:35:08.519 [main] INFO  c.example.exceldiff.cli.ExcelDiffCli - Validating License...
2026-08-16 19:35:08.520 [main] ERROR c.example.exceldiff.cli.ExcelDiffCli - License validation failed: License file or public key is missing. Please place them in resources/lic/
2026-08-16 19:35:42.025 [main] INFO  c.example.exceldiff.cli.ExcelDiffCli - Starting Excel Comparison...
2026-08-16 19:35:42.027 [main] INFO  c.example.exceldiff.cli.ExcelDiffCli - Validating License...
2026-08-16 19:35:42.028 [main] ERROR c.example.exceldiff.cli.ExcelDiffCli - License validation failed: License file or public key is missing. Please place them in resources/lic/
2026-08-16 19:36:38.758 [main] INFO  c.example.exceldiff.cli.ExcelDiffCli - Starting Excel Comparison...
2026-08-16 19:36:38.760 [main] INFO  c.example.exceldiff.cli.ExcelDiffCli - Validating License...
2026-08-16 19:36:38.823 [main] INFO  c.example.exceldiff.cli.ExcelDiffCli - License verified! Registered to HWID: DESKTOP-06O1UB6-F8:28:19:B8:D8:77
2026-08-16 19:36:38.826 [main] INFO  c.example.exceldiff.cli.ExcelDiffCli - License expires on: 2028-12-31
2026-08-16 19:36:38.827 [main] INFO  c.example.exceldiff.cli.ExcelDiffCli - THEIRS: E:\project\Excel Compo\Output jar\resources\excel\THEIRS.xlsx
2026-08-16 19:36:38.827 [main] INFO  c.example.exceldiff.cli.ExcelDiffCli - OURS:   E:\project\Excel Compo\Output jar\resources\excel\OURS.xlsx
2026-08-16 19:36:38.828 [main] INFO  c.example.exceldiff.cli.ExcelDiffCli - Reading THEIRS...
2026-08-16 19:36:39.421 [main] INFO  c.example.exceldiff.cli.ExcelDiffCli - Reading OURS...
2026-08-16 19:36:39.465 [main] INFO  c.example.exceldiff.cli.ExcelDiffCli - Exporting OURS to JSON...
2026-08-16 19:36:39.663 [main] INFO  c.example.exceldiff.cli.ExcelDiffCli - Comparing models...
2026-08-16 19:36:39.667 [main] INFO  c.example.exceldiff.cli.ExcelDiffCli - Writing highlighted Excel...
2026-08-16 19:36:39.866 [main] INFO  c.example.exceldiff.cli.ExcelDiffCli - Summary report written to: E:\project\Excel Compo\Output jar\resources\reports\report.txt
2026-08-16 19:36:39.868 [main] INFO  c.example.exceldiff.cli.ExcelDiffCli - Comparison complete. Output written to: E:\project\Excel Compo\Output jar\resources\excel\Compared.xlsx
2026-08-16 19:37:03.666 [main] INFO  c.example.exceldiff.cli.ExcelDiffCli - Starting Excel Comparison...
2026-08-16 19:37:03.668 [main] INFO  c.example.exceldiff.cli.ExcelDiffCli - Validating License...
2026-08-16 19:37:03.669 [main] ERROR c.example.exceldiff.cli.ExcelDiffCli - License validation failed: License file or public key is missing. Please place them in resources/lic/
2026-08-16 19:42:58.214 [main] INFO  c.example.exceldiff.cli.ExcelDiffCli - Starting Excel Comparison...
2026-08-16 19:42:58.216 [main] INFO  c.example.exceldiff.cli.ExcelDiffCli - Validating License...
2026-08-16 19:42:58.218 [main] ERROR c.example.exceldiff.cli.ExcelDiffCli - License validation failed: License file missing. Please place your license.key in resources/lic/
2026-08-16 19:43:21.746 [main] INFO  c.example.exceldiff.cli.ExcelDiffCli - Starting Excel Comparison...
2026-08-16 19:43:21.748 [main] INFO  c.example.exceldiff.cli.ExcelDiffCli - Validating License...
2026-08-16 19:43:21.820 [main] INFO  c.example.exceldiff.cli.ExcelDiffCli - License verified! Registered to HWID: DESKTOP-06O1UB6-F8:28:19:B8:D8:77
2026-08-16 19:43:21.822 [main] INFO  c.example.exceldiff.cli.ExcelDiffCli - License expires on: 2030-12-31
2026-08-16 19:43:21.822 [main] INFO  c.example.exceldiff.cli.ExcelDiffCli - THEIRS: E:\project\Excel Compo\Output jar\resources\excel\THEIRS.xlsx
2026-08-16 19:43:21.822 [main] INFO  c.example.exceldiff.cli.ExcelDiffCli - OURS:   E:\project\Excel Compo\Output jar\resources\excel\OURS.xlsx
2026-08-16 19:43:21.823 [main] INFO  c.example.exceldiff.cli.ExcelDiffCli - Reading THEIRS...
2026-08-16 19:43:22.437 [main] INFO  c.example.exceldiff.cli.ExcelDiffCli - Reading OURS...
2026-08-16 19:43:22.484 [main] INFO  c.example.exceldiff.cli.ExcelDiffCli - Exporting OURS to JSON...
2026-08-16 19:43:22.680 [main] INFO  c.example.exceldiff.cli.ExcelDiffCli - Comparing models...
2026-08-16 19:43:22.685 [main] INFO  c.example.exceldiff.cli.ExcelDiffCli - Writing highlighted Excel...
2026-08-16 19:43:22.871 [main] INFO  c.example.exceldiff.cli.ExcelDiffCli - Summary report written to: E:\project\Excel Compo\Output jar\resources\reports\report.txt
2026-08-16 19:43:22.873 [main] INFO  c.example.exceldiff.cli.ExcelDiffCli - Comparison complete. Output written to: E:\project\Excel Compo\Output jar\resources\excel\Compared.xlsx
2026-08-16 19:44:47.758 [main] INFO  c.example.exceldiff.cli.ExcelDiffCli - Starting Excel Comparison...
2026-08-16 19:44:47.760 [main] INFO  c.example.exceldiff.cli.ExcelDiffCli - Validating License...
2026-08-16 19:44:47.831 [main] ERROR c.example.exceldiff.cli.ExcelDiffCli - License validation failed: License signature is invalid or tampered with.
2026-08-16 19:47:10.849 [main] INFO  c.example.exceldiff.cli.ExcelDiffCli - Starting Excel Comparison...
2026-08-16 19:47:10.851 [main] INFO  c.example.exceldiff.cli.ExcelDiffCli - Validating License...
2026-08-16 19:47:10.852 [main] ERROR c.example.exceldiff.cli.ExcelDiffCli - License validation failed: License file missing. Please place your license.key in resources/lic/
2026-08-16 19:47:31.501 [main] INFO  c.example.exceldiff.cli.ExcelDiffCli - Starting Excel Comparison...
2026-08-16 19:47:31.502 [main] INFO  c.example.exceldiff.cli.ExcelDiffCli - Validating License...
2026-08-16 19:47:31.570 [main] INFO  c.example.exceldiff.cli.ExcelDiffCli - License verified! Registered to HWID: DESKTOP-06O1UB6-F8:28:19:B8:D8:77
2026-08-16 19:47:31.572 [main] INFO  c.example.exceldiff.cli.ExcelDiffCli - License expires on: 2030-12-31
2026-08-16 19:47:31.572 [main] INFO  c.example.exceldiff.cli.ExcelDiffCli - THEIRS: E:\project\Excel Compo\Output jar\resources\excel\THEIRS.xlsx
2026-08-16 19:47:31.572 [main] INFO  c.example.exceldiff.cli.ExcelDiffCli - OURS:   E:\project\Excel Compo\Output jar\resources\excel\OURS.xlsx
2026-08-16 19:47:31.573 [main] INFO  c.example.exceldiff.cli.ExcelDiffCli - Reading THEIRS...
2026-08-16 19:47:32.173 [main] INFO  c.example.exceldiff.cli.ExcelDiffCli - Reading OURS...
2026-08-16 19:47:32.219 [main] INFO  c.example.exceldiff.cli.ExcelDiffCli - Exporting OURS to JSON...
2026-08-16 19:47:32.414 [main] INFO  c.example.exceldiff.cli.ExcelDiffCli - Comparing models...
2026-08-16 19:47:32.419 [main] INFO  c.example.exceldiff.cli.ExcelDiffCli - Writing highlighted Excel...
2026-08-16 19:47:32.606 [main] INFO  c.example.exceldiff.cli.ExcelDiffCli - Summary report written to: E:\project\Excel Compo\Output jar\resources\reports\report.txt
2026-08-16 19:47:32.607 [main] INFO  c.example.exceldiff.cli.ExcelDiffCli - Comparison complete. Output written to: E:\project\Excel Compo\Output jar\resources\excel\Compared.xlsx
2026-08-16 19:53:34.393 [main] INFO  c.example.exceldiff.cli.ExcelDiffCli - Starting Excel Comparison...
2026-08-16 19:53:34.395 [main] INFO  c.example.exceldiff.cli.ExcelDiffCli - Validating License...
2026-08-16 19:53:34.466 [main] INFO  c.example.exceldiff.cli.ExcelDiffCli - License verified! Registered to HWID: DESKTOP-06O1UB6-F8:28:19:B8:D8:77
2026-08-16 19:53:34.467 [main] INFO  c.example.exceldiff.cli.ExcelDiffCli - License expires on: 2030-12-31
2026-08-16 19:53:34.468 [main] INFO  c.example.exceldiff.cli.ExcelDiffCli - THEIRS: E:\project\Excel Compo\Output jar\resources\excel\THEIRS.xlsx
2026-08-16 19:53:34.468 [main] INFO  c.example.exceldiff.cli.ExcelDiffCli - OURS:   E:\project\Excel Compo\Output jar\resources\excel\OURS.xlsx
2026-08-16 19:53:34.469 [main] INFO  c.example.exceldiff.cli.ExcelDiffCli - Reading THEIRS...
2026-08-16 19:53:35.097 [main] INFO  c.example.exceldiff.cli.ExcelDiffCli - Reading OURS...
2026-08-16 19:53:35.140 [main] INFO  c.example.exceldiff.cli.ExcelDiffCli - Exporting OURS to JSON...
2026-08-16 19:53:35.347 [main] INFO  c.example.exceldiff.cli.ExcelDiffCli - Comparing models...
2026-08-16 19:53:35.352 [main] INFO  c.example.exceldiff.cli.ExcelDiffCli - Writing highlighted Excel...
2026-08-16 19:53:35.558 [main] INFO  c.example.exceldiff.cli.ExcelDiffCli - Summary report written to: E:\project\Excel Compo\Output jar\resources\reports\report.txt
2026-08-16 19:53:35.560 [main] INFO  c.example.exceldiff.cli.ExcelDiffCli - Comparison complete. Output written to: E:\project\Excel Compo\Output jar\resources\excel\Compared.xlsx
2026-08-16 19:53:57.941 [main] INFO  c.example.exceldiff.cli.ExcelDiffCli - Starting Excel Comparison...
2026-08-16 19:53:57.943 [main] INFO  c.example.exceldiff.cli.ExcelDiffCli - Validating License...
2026-08-16 19:53:57.978 [main] ERROR c.example.exceldiff.cli.ExcelDiffCli - License validation failed: This license is not valid for this machine. (HWID mismatch)
2026-08-16 19:54:09.372 [main] INFO  c.example.exceldiff.cli.ExcelDiffCli - Starting Excel Comparison...
2026-08-16 19:54:09.373 [main] INFO  c.example.exceldiff.cli.ExcelDiffCli - Validating License...
2026-08-16 19:54:09.396 [main] ERROR c.example.exceldiff.cli.ExcelDiffCli - License validation failed: This license is not valid for this machine. (HWID mismatch)
2026-08-16 19:55:02.773 [main] INFO  c.example.exceldiff.cli.ExcelDiffCli - Starting Excel Comparison...
2026-08-16 19:55:02.774 [main] INFO  c.example.exceldiff.cli.ExcelDiffCli - Validating License...
2026-08-16 19:55:02.852 [main] INFO  c.example.exceldiff.cli.ExcelDiffCli - License verified! Registered to HWID: DESKTOP-06O1UB6-F8:28:19:B8:D8:77
2026-08-16 19:55:02.854 [main] INFO  c.example.exceldiff.cli.ExcelDiffCli - License expires on: 2028-12-31
2026-08-16 19:55:02.854 [main] INFO  c.example.exceldiff.cli.ExcelDiffCli - THEIRS: E:\project\Excel Compo\Output jar\resources\excel\THEIRS.xlsx
2026-08-16 19:55:02.854 [main] INFO  c.example.exceldiff.cli.ExcelDiffCli - OURS:   E:\project\Excel Compo\Output jar\resources\excel\OURS.xlsx
2026-08-16 19:55:02.855 [main] INFO  c.example.exceldiff.cli.ExcelDiffCli - Reading THEIRS...
2026-08-16 19:55:03.430 [main] INFO  c.example.exceldiff.cli.ExcelDiffCli - Reading OURS...
2026-08-16 19:55:03.479 [main] INFO  c.example.exceldiff.cli.ExcelDiffCli - Exporting OURS to JSON...
2026-08-16 19:55:03.675 [main] INFO  c.example.exceldiff.cli.ExcelDiffCli - Comparing models...
2026-08-16 19:55:03.680 [main] INFO  c.example.exceldiff.cli.ExcelDiffCli - Writing highlighted Excel...
2026-08-16 19:55:03.875 [main] INFO  c.example.exceldiff.cli.ExcelDiffCli - Summary report written to: E:\project\Excel Compo\Output jar\resources\reports\report.txt
2026-08-16 19:55:03.876 [main] INFO  c.example.exceldiff.cli.ExcelDiffCli - Comparison complete. Output written to: E:\project\Excel Compo\Output jar\resources\excel\Compared.xlsx
2026-08-16 19:55:49.015 [main] INFO  c.example.exceldiff.cli.ExcelDiffCli - Starting Excel Comparison...
2026-08-16 19:55:49.017 [main] INFO  c.example.exceldiff.cli.ExcelDiffCli - Validating License...
2026-08-16 19:55:49.106 [main] ERROR c.example.exceldiff.cli.ExcelDiffCli - License validation failed: This license has expired on 2025-12-31
2026-08-17 00:56:06.758 [main] INFO  c.example.exceldiff.cli.ExcelDiffCli - Starting Excel Comparison...
2026-08-17 00:56:06.786 [main] INFO  c.example.exceldiff.cli.ExcelDiffCli - Validating License...
2026-08-17 00:56:06.806 [main] ERROR c.example.exceldiff.cli.ExcelDiffCli - License validation failed: License file is corrupt or missing fields.
2026-08-17 00:56:32.642 [main] INFO  c.example.exceldiff.cli.ExcelDiffCli - Starting Excel Comparison...
2026-08-17 00:56:32.644 [main] INFO  c.example.exceldiff.cli.ExcelDiffCli - Validating License...
2026-08-17 00:56:32.712 [main] INFO  c.example.exceldiff.cli.ExcelDiffCli - License verified! Registered to HWID: DESKTOP-06O1UB6-F8:28:19:B8:D8:77
2026-08-17 00:56:32.713 [main] INFO  c.example.exceldiff.cli.ExcelDiffCli - License expires on: 2030-12-31
2026-08-17 00:56:32.714 [main] INFO  c.example.exceldiff.cli.ExcelDiffCli - THEIRS: E:\project\Excel Compo\Output jar\resources\excel\THEIRS.xlsx
2026-08-17 00:56:32.714 [main] INFO  c.example.exceldiff.cli.ExcelDiffCli - OURS:   E:\project\Excel Compo\Output jar\resources\excel\OURS.xlsx
2026-08-17 00:56:32.715 [main] INFO  c.example.exceldiff.cli.ExcelDiffCli - Reading THEIRS...
2026-08-17 00:56:33.333 [main] INFO  c.example.exceldiff.cli.ExcelDiffCli - Reading OURS...
2026-08-17 00:56:33.415 [main] INFO  c.example.exceldiff.cli.ExcelDiffCli - Exporting OURS to JSON...
2026-08-17 00:56:33.615 [main] INFO  c.example.exceldiff.cli.ExcelDiffCli - Comparing models...
2026-08-17 00:56:33.619 [main] INFO  c.example.exceldiff.cli.ExcelDiffCli - Writing highlighted Excel...
2026-08-17 00:56:33.817 [main] INFO  c.example.exceldiff.cli.ExcelDiffCli - Summary report written to: E:\project\Excel Compo\Output jar\resources\reports\report.txt
2026-08-17 00:56:33.818 [main] INFO  c.example.exceldiff.cli.ExcelDiffCli - Comparison complete. Output written to: E:\project\Excel Compo\Output jar\resources\excel\Compared.xlsx
